// Jest Snapshot v1, https://goo.gl/fbAQLP

exports[`<Footer /> renders footer snapshot 1`] = `
<MemoryRouter
  keyLength={0}
>
  <Router
    history={
      Object {
        "action": "POP",
        "block": [Function],
        "canGo": [Function],
        "createHref": [Function],
        "entries": Array [
          Object {
            "hash": "",
            "pathname": "/",
            "search": "",
            "state": undefined,
          },
        ],
        "go": [Function],
        "goBack": [Function],
        "goForward": [Function],
        "index": 0,
        "length": 1,
        "listen": [Function],
        "location": Object {
          "hash": "",
          "pathname": "/",
          "search": "",
          "state": undefined,
        },
        "push": [Function],
        "replace": [Function],
      }
    }
  >
    <Component>
      <footer
        class="footer"
      >
        <div
          class="container"
        >
          <span>
            Feito com ‚ù§ por Ana Jacobsen.
          </span>
        </div>
      </footer>
    </Component>
  </Router>
</MemoryRouter>
`;
